MACRO ASSEMBLER MAIN                                        12/12/123 16:34:05 PAGE     1


WIN32 MACRO ASSEMBLER A51 V6.03.08
OBJECT MODULE PLACED IN Y:\лаб1\3\MAIN.OBJ
ASSEMBLER INVOKED BY: A51.EXE Y:\лаб1\3\MAIN.ASM OJ(Y:\лаб1\3\MAIN.OBJ) PIN(C:\FSI\INC) EP LINES PR(Y:\лаб1\3\MAIN.LST) XR DB PW(80) RB(0) 

LOC     OBJ           LINE    SOURCE
                         1    NAME MAIN
                         2    EXTRN DATA (TMP1, TMP2, TMP3)
                         3    EXTRN XDATA (NUM1, NUM2, RES)
                         4    EXTRN CODE (READ_PORT, EVAL_NUMS, SUM_NUMS, OUT_UART)
                         5    
                         6    MAIN SEGMENT CODE
                         7    
------                   8    CSEG AT 0
0000    020000   F       9    LJMP START
                        10    USING 0
                        11    
------                  12    RSEG MAIN 
                        13    START:   
0000    120000   F      14       CALL READ_PORT
0003    120000   F      15       CALL EVAL_NUMS
0006    120000   F      16       CALL SUM_NUMS
0009    120000   F      17       CALL OUT_UART
                        18       
000C    020000   F      19       JMP $ 
                        20       
                        21    END
MACRO ASSEMBLER MAIN                                        12/12/123 16:34:05 PAGE     2


SYMBOL TABLE LISTING
------ ----- -------


N A M E             T Y P E  V A L U E   ATTRIBUTES             REFERENCES

READ_PORT. . . . .  C ADDR   -----      EXT                     4# 14 
MAIN . . . . . . .  C SEG    000FH      REL=UNIT                12# 
EVAL_NUMS. . . . .  C ADDR   -----      EXT                     4# 15 
START. . . . . . .  C ADDR   0000H   R  SEG=MAIN                9 13# 
OUT_UART . . . . .  C ADDR   -----      EXT                     4# 17 
SUM_NUMS . . . . .  C ADDR   -----      EXT                     4# 16 



MODULE INFORMATION:   STATIC OVERLAYABLE
   CODE SIZE        =     18    ----
   XDATA SIZE       =   ----    ----
   DATA SIZE        =   ----    ----
   IDATA SIZE       =   ----    ----
   BIT SIZE         =   ----    ----
END OF MODULE INFORMATION.


REGISTER BANK(S) USED : 0 

ASSEMBLY COMPLETE.   0 WARNING(S)   0 ERROR(S)
