MACRO ASSEMBLER DELAY                                       11/12/123 15:08:05 PAGE     1


WIN32 MACRO ASSEMBLER A51 V6.03.08
OBJECT MODULE PLACED IN Y:\лаб1\4\DELAY.OBJ
ASSEMBLER INVOKED BY: A51.EXE Y:\лаб1\4\DELAY.ASM OJ(Y:\лаб1\4\DELAY.OBJ) PIN(C:\FSI\INC) EP LINES PR(Y:\лаб1\4\DELAY.LST) XR DB PW(80) RB(0) 

LOC     OBJ           LINE    SOURCE
                         1    NAME DELAY
                         2    
                         3    MAIN SEGMENT CODE
                         4    VARS SEGMENT DATA
                         5    
------                   6    RSEG VARS
0000                     7    DELAY_TIME:   DS 4
                         8    
------                   9    CSEG AT 0
0000    020000   F      10        LJMP START
                        11    
------                  12    RSEG MAIN
                        13    USING 0
                        14    DELAY:  
0000    750000   F      15        MOV DELAY_TIME, #00H
0003    750000   F      16        MOV DELAY_TIME+1, #00H
0006    750000   F      17        MOV DELAY_TIME+2, #000H
0009    750002   F      18        MOV DELAY_TIME+3, #002H
                        19    DELAY_LOOP:  
000C    D500FD   F      20        DJNZ DELAY_TIME, DELAY_LOOP
000F    D500FA   F      21        DJNZ DELAY_TIME+1, DELAY_LOOP
0012    D500F7   F      22        DJNZ DELAY_TIME+2, DELAY_LOOP
0015    D500F4   F      23        DJNZ DELAY_TIME+3, DELAY_LOOP
0018    22              24        RET 
                        25    START:  
0019    758140          26        MOV SP, #040H
001C    120000   F      27        CALL DELAY
                        28    END
MACRO ASSEMBLER DELAY                                       11/12/123 15:08:05 PAGE     2


SYMBOL TABLE LISTING
------ ----- -------


N A M E             T Y P E  V A L U E   ATTRIBUTES             REFERENCES

SP . . . . . . . .  D ADDR   0081H   A                          26 
MAIN . . . . . . .  C SEG    001FH      REL=UNIT                12# 
DELAY_LOOP . . . .  C ADDR   000CH   R  SEG=MAIN                19# 20 21 22 23 
START. . . . . . .  C ADDR   0019H   R  SEG=MAIN                10 25# 
DELAY. . . . . . .  C ADDR   0000H   R  SEG=MAIN                14# 27 
VARS . . . . . . .  D SEG    0004H      REL=UNIT                6# 
DELAY_TIME . . . .  D ADDR   0000H   R  SEG=VARS                7# 15 16 17 18 20 
                                                                21 22 23 



MODULE INFORMATION:   STATIC OVERLAYABLE
   CODE SIZE        =     34    ----
   XDATA SIZE       =   ----    ----
   DATA SIZE        =      4    ----
   IDATA SIZE       =   ----    ----
   BIT SIZE         =   ----    ----
END OF MODULE INFORMATION.


REGISTER BANK(S) USED : 0 

ASSEMBLY COMPLETE.   0 WARNING(S)   0 ERROR(S)
