MACRO ASSEMBLER DELAY                                       12/26/123 15:19:31 PAGE     1


WIN32 MACRO ASSEMBLER A51 V6.03.08
OBJECT MODULE PLACED IN Y:\лаб1\4\DELAY.OBJ
ASSEMBLER INVOKED BY: A51.EXE Y:\лаб1\4\DELAY.ASM OJ(Y:\лаб1\4\DELAY.OBJ) PIN(C:\FSI\INC) EP LINES PR(Y:\лаб1\4\DELAY.LST) XR DB PW(80) RB(0) 

LOC     OBJ           LINE    SOURCE
                         1    NAME DELAY
                         2    
                         3    MAIN SEGMENT CODE
                         4    VARS SEGMENT DATA
                         5    
------                   6    RSEG VARS
0000                     7    DELAY_TIME:   DS 6
                         8    
------                   9    CSEG AT 0
0000    020000   F      10        LJMP START
                        11    
------                  12    RSEG MAIN
                        13    USING 0
                        14    DELAY:  
0000    750016   F      15        MOV DELAY_TIME+3, #016H
                        16    DELAY_100:  
0003    750064   F      17        MOV DELAY_TIME+2, #064H
                        18    DELAY_MS:  
0006    7500F9   F      19        MOV DELAY_TIME, #0F9H
0009    7500F8   F      20        MOV DELAY_TIME+1, #0F8H
000C    D500FD   F      21        DJNZ DELAY_TIME, $
000F    D500FD   F      22        DJNZ DELAY_TIME+1, $
0012    D500F1   F      23        DJNZ DELAY_TIME+2, DELAY_MS
0015    D500EB   F      24        DJNZ DELAY_TIME+3, DELAY_100
0018    22              25        RET 
                        26    START:  
0019    758140          27        MOV SP, #040H
001C    120000   F      28        CALL DELAY
001F    020000   F      29        JMP $
                        30    END
MACRO ASSEMBLER DELAY                                       12/26/123 15:19:31 PAGE     2


SYMBOL TABLE LISTING
------ ----- -------


N A M E             T Y P E  V A L U E   ATTRIBUTES             REFERENCES

SP . . . . . . . .  D ADDR   0081H   A                          27 
MAIN . . . . . . .  C SEG    0022H      REL=UNIT                12# 
DELAY_MS . . . . .  C ADDR   0006H   R  SEG=MAIN                18# 23 
START. . . . . . .  C ADDR   0019H   R  SEG=MAIN                10 26# 
DELAY. . . . . . .  C ADDR   0000H   R  SEG=MAIN                14# 28 
VARS . . . . . . .  D SEG    0006H      REL=UNIT                6# 
DELAY_TIME . . . .  D ADDR   0000H   R  SEG=VARS                7# 15 17 19 20 21 
                                                                22 23 24 72 
DELAY_100. . . . .  C ADDR   0003H   R  SEG=MAIN                16# 24 



MODULE INFORMATION:   STATIC OVERLAYABLE
   CODE SIZE        =     37    ----
   XDATA SIZE       =   ----    ----
   DATA SIZE        =      6    ----
   IDATA SIZE       =   ----    ----
   BIT SIZE         =   ----    ----
END OF MODULE INFORMATION.


REGISTER BANK(S) USED : 0 

ASSEMBLY COMPLETE.   0 WARNING(S)   0 ERROR(S)
