MACRO ASSEMBLER MAIN                                        01/10/124 23:07:36 PAGE     1


WIN32 MACRO ASSEMBLER A51 V6.03.08
OBJECT MODULE PLACED IN Y:\лаб1\е\MAIN.OBJ
ASSEMBLER INVOKED BY: A51.EXE Y:\лаб1\е\MAIN.ASM OJ(Y:\лаб1\е\MAIN.OBJ) PIN(C:\FSI\INC) EP LINES MACRO(MPL) PR(Y:\лаб1\е\MAIN.LST) XR DB PW(80) RB(0) 

LOC     OBJ           LINE    SOURCE
                         1    MAIN SEGMENT CODE
                         2    
------                   3    CSEG AT 0H
0000    120000   F       4    CALL MAIN
                         5    
------                   6    RSEG MAIN
                         7        USING 0
                         8    MAIN:   
                         9            
                        11            
                        11                
                        11            
                        11                
                        11            
                        11                
                        11            
                        11                
                        11            
                        11                
                        12            
0000    750005          13            MOV AR0, #5H
                        14     (

*** ERROR #10 IN LINE 14 OF main.asm : SYNTAX ERROR
0003    750101          15                MOV AR1, #01H
                        16            ) ELSE (
0006    750201          17                MOV AR2, #01H
                        18            ) FI

*** ERROR #10 IN LINE 18 OF main.asm : SYNTAX ERROR
0009    22              19        RET
                        20    END
MACRO ASSEMBLER MAIN                                        01/10/124 23:07:36 PAGE     2


SYMBOL TABLE LISTING
------ ----- -------


N A M E             T Y P E  V A L U E   ATTRIBUTES             REFERENCES

AR0. . . . . . . .  ? ADDR   0000H   A                          13 
AR1. . . . . . . .  ? ADDR   0001H   A                          15 
MAIN . . . . . . .  C ADDR   0000H   R  SEG=MAIN                4 6# 8# 
AR2. . . . . . . .  ? ADDR   0002H   A                          17 



MODULE INFORMATION:   STATIC OVERLAYABLE
   CODE SIZE        =     13    ----
   XDATA SIZE       =   ----    ----
   DATA SIZE        =   ----    ----
   IDATA SIZE       =   ----    ----
   BIT SIZE         =   ----    ----
END OF MODULE INFORMATION.


REGISTER BANK(S) USED : 0 

ASSEMBLY COMPLETE.   0 WARNING(S)   2 ERROR(S)
