L51 CODE BANKING LINKER/LOCATOR V4.08.06        01/10/124  23:04:33  PAGE  1
WIN32 L51 CODE BANKING LINKER/LOCATOR V4.08.06,  INVOKED BY:
L51.EXE y:\лаб1\е\main.OBJ  to  Y:\лаб1\е\TEST.ABS PR(Y:\лаб1\е\TEST.M51) PW(&
80) RS(128) ix 


INPUT MODULES INCLUDED
  Y:\лаб1\е\MAIN.OBJ(MAIN)


LINK MAP OF MODULE: Y:\лаб1\е\TEST.ABS (MAIN)

    TYPE     BASE       LENGTH    RELOCATION     SEGMENT NAME
    ----     ----       ------    ----------     ------------

    * * * * * * *   DATA          M E M O R Y   * * * * * * *
    REG      0000H      0008H     ABSOLUTE       "REG BANK 0"

    * * * * * * *   CODE          M E M O R Y   * * * * * * *
    CODE     0000H      0003H     ABSOLUTE       
    CODE     0003H      0004H     UNIT           MAIN

EXECUTABLE SUMMARY:
-------------------
    Total INTERNAL storage requirement:  0008H (8)
    Total EXTERNAL storage requirement:  0000H (0)
    Total   CODE   storage requirement:  0007H (7)
Note:  Summary does not include dynamic stack requirements


REFERENCE MAP OF MODULE: Y:\лаб1\е\TEST.ABS (MAIN)

SEGMENT
   +-->CALLED SEGMENT
---------------------

SYMBOL TABLE FOR Y:\лаб1\е\TEST.ABS(MAIN)
------------------------------------------

    VALUE              TYPE               NAME
    -----              ----               ----

	-------            MODULE             MAIN
	C:0003H            SEGMENT            MAIN
	C:0000H            LINE#              4
	C:0003H            LINE#              13
	C:0006H            LINE#              14
	-------            ENDMOD             MAIN

LINK/LOCATE RUN COMPLETE,  NO ERROR FOUND.