MACRO ASSEMBLER CHANGE_SPEAD                                12/26/123 15:18:17 PAGE     1


WIN32 MACRO ASSEMBLER A51 V6.03.08
OBJECT MODULE PLACED IN Y:\лаб1\6\CHANGE_SPEAD.OBJ
ASSEMBLER INVOKED BY: A51.EXE Y:\лаб1\6\CHANGE_SPEAD.ASM OJ(Y:\лаб1\6\CHANGE_SPEAD.OBJ) PIN(C:\FSI\INC) EP LINES PR(Y:\лаб1\6\CHANGE_SPEAD.LST) XR DB PW(80) RB(0) 

LOC     OBJ           LINE    SOURCE
                         1    PUBLIC INCR_SPD, DECR_SPD
                         2    EXTRN DATA (SPEAD_VR)
                         3    EXTRN CODE (SPEAD_BLIP)
                         4    
                         5    CHANGE_SPEAD SEGMENT CODE
                         6    
------                   7    RSEG CHANGE_SPEAD
                         8    INCR_SPD:  
0000    C3               9        CLR C
0001    E500     F      10        MOV A, SPEAD_VR
0003    9420            11        SUBB A, #020H
0005    6005            12        JZ INCR_SPD_BLIP
0007    E500     F      13        MOV A, SPEAD_VR
0009    020000   F      14        JMP INCR_SPD_EXIT
                        15    INCR_SPD_BLIP:  
000C    120000   F      16        CALL SPEAD_BLIP
                        17    INCR_SPD_EXIT:  
000F    2402            18        ADD A, #02H
0011    F500     F      19        MOV SPEAD_VR, A
0013    22              20        RET
                        21    
                        22    DECR_SPD:  
0014    C3              23        CLR C
0015    E500     F      24        MOV A, SPEAD_VR
0017    9402            25        SUBB A, #02H
0019    C3              26        CLR C
001A    7005            27        JNZ DECR_SPD_EXIT
001C    7420            28        MOV A, #020H
001E    120000   F      29        CALL SPEAD_BLIP
                        30    DECR_SPD_EXIT:  
0021    F500     F      31        MOV SPEAD_VR, A
0023    22              32        RET
                        33    END
MACRO ASSEMBLER CHANGE_SPEAD                                12/26/123 15:18:17 PAGE     2


SYMBOL TABLE LISTING
------ ----- -------


N A M E             T Y P E  V A L U E   ATTRIBUTES             REFERENCES

DECR_SPD . . . . .  C ADDR   0014H   R  SEG=CHANGE_SPEAD        1 22# 
INCR_SPD_EXIT. . .  C ADDR   000FH   R  SEG=CHANGE_SPEAD        14 17# 
CHANGE_SPEAD . . .  C SEG    0024H      REL=UNIT                7# 
INCR_SPD . . . . .  C ADDR   0000H   R  SEG=CHANGE_SPEAD        1 8# 
SPEAD_BLIP . . . .  C ADDR   -----      EXT                     3# 16 29 
SPEAD_VR . . . . .  D ADDR   -----      EXT                     2# 10 13 19 24 31 
                                                                
INCR_SPD_BLIP. . .  C ADDR   000CH   R  SEG=CHANGE_SPEAD        12 15# 
DECR_SPD_EXIT. . .  C ADDR   0021H   R  SEG=CHANGE_SPEAD        27 30# 



MODULE INFORMATION:   STATIC OVERLAYABLE
   CODE SIZE        =     36    ----
   XDATA SIZE       =   ----    ----
   DATA SIZE        =   ----    ----
   IDATA SIZE       =   ----    ----
   BIT SIZE         =   ----    ----
END OF MODULE INFORMATION.


REGISTER BANK(S) USED : 0 

ASSEMBLY COMPLETE.   0 WARNING(S)   0 ERROR(S)
