MACRO ASSEMBLER SELECT_MOD                                  11/22/123 17:11:43 PAGE     1


WIN32 MACRO ASSEMBLER A51 V6.03.08
OBJECT MODULE PLACED IN Y:\лаб1\6\SELECT_MOD.OBJ
ASSEMBLER INVOKED BY: A51.EXE Y:\лаб1\6\SELECT_MOD.ASM OJ(Y:\лаб1\6\SELECT_MOD.OBJ) PIN(C:\FSI\INC) EP LINES PR(Y:\лаб1\6\SELECT_MOD.LST) XR DB PW(80) RB(0) 

LOC     OBJ           LINE    SOURCE
                         1    PUBLIC  NEXT_MOD, PREV_MOD
                         2    EXTRN DATA (MOD_VR)
                         3    EXTRN CODE (MOD0, MOD1, MOD2, MOD3, MOD4, MOD5, MOD6, MOD7, MOD8, MOD9, MOD10, MOD11, MOD12, MOD13, MOD14, MOD15, MOD_BLIP)
                         4    
                         5    SELECT_MOD SEGMENT CODE
                         6    
------                   7    RSEG SELECT_MOD
                         8    
                         9    NEXT_MOD:  	
0000    C3              10        CLR C
0001    E500     F      11        MOV A, MOD_VR
0003    7006            12        JNZ NEXT_MOD_2
0005    750001   F      13        MOV MOD_VR, #01H
0008    120000   F      14        CALL MOD1
                        15    NEXT_MOD_2:  
000B    E500     F      16        MOV A, MOD_VR
000D    9401            17        SUBB A, #01H
000F    7006            18        JNZ NEXT_MOD_3
0011    750002   F      19        MOV MOD_VR, #02H
0014    120000   F      20        CALL MOD2
                        21    NEXT_MOD_3:  
0017    E500     F      22        MOV A, MOD_VR
0019    9402            23        SUBB A, #02H
001B    7006            24        JNZ NEXT_MOD_4
001D    750003   F      25        MOV MOD_VR, #03H
0020    120000   F      26        CALL MOD3
                        27    NEXT_MOD_4:  
0023    E500     F      28        MOV A, MOD_VR
0025    9403            29        SUBB A, #03H
0027    7006            30        JNZ NEXT_MOD_5
0029    750004   F      31        MOV MOD_VR, #04H
002C    120000   F      32        CALL MOD4
                        33    NEXT_MOD_5:  
002F    E500     F      34        MOV A, MOD_VR
0031    9404            35        SUBB A, #04H
0033    7006            36        JNZ NEXT_MOD_6
0035    750005   F      37        MOV MOD_VR, #05H
0038    120000   F      38        CALL MOD5
                        39    NEXT_MOD_6:  
003B    E500     F      40        MOV A, MOD_VR
003D    9405            41        SUBB A, #05H
003F    7006            42        JNZ NEXT_MOD_7
0041    750006   F      43        MOV MOD_VR, #06H
0044    120000   F      44        CALL MOD6
                        45    NEXT_MOD_7:  
0047    E500     F      46        MOV A, MOD_VR
0049    9406            47        SUBB A, #06H
004B    7006            48        JNZ NEXT_MOD_8
004D    750007   F      49        MOV MOD_VR, #07H
0050    120000   F      50        CALL MOD7
                        51    NEXT_MOD_8:  
0053    E500     F      52        MOV A, MOD_VR
0055    9407            53        SUBB A, #07H
0057    7006            54        JNZ NEXT_MOD_9
0059    750008   F      55        MOV MOD_VR, #08H
005C    120000   F      56        CALL MOD8
                        57    NEXT_MOD_9:  
005F    E500     F      58        MOV A, MOD_VR
0061    9408            59        SUBB A, #08H
0063    7006            60        JNZ NEXT_MOD_10
0065    750009   F      61        MOV MOD_VR, #09H
0068    120000   F      62        CALL MOD9
                        63    NEXT_MOD_10:  
006B    E500     F      64        MOV A, MOD_VR
006D    9409            65        SUBB A, #09H
006F    7006            66        JNZ NEXT_MOD_11
0071    75000A   F      67        MOV MOD_VR, #0AH
0074    120000   F      68        CALL MOD10
                        69    NEXT_MOD_11:  
0077    E500     F      70        MOV A, MOD_VR
0079    940A            71        SUBB A, #0AH
007B    7006            72        JNZ NEXT_MOD_12
007D    75000B   F      73        MOV MOD_VR, #0BH
0080    120000   F      74        CALL MOD11
                        75    NEXT_MOD_12:  
0083    E500     F      76        MOV A, MOD_VR
0085    940B            77        SUBB A, #0BH
0087    7006            78        JNZ NEXT_MOD_13
0089    75000C   F      79        MOV MOD_VR, #0CH
008C    120000   F      80        CALL MOD12
                        81    NEXT_MOD_13:  
008F    E500     F      82        MOV A, MOD_VR
0091    940C            83        SUBB A, #0CH
0093    7006            84        JNZ NEXT_MOD_14
0095    75000D   F      85        MOV MOD_VR, #0DH
0098    120000   F      86        CALL MOD13
                        87    NEXT_MOD_14:  
009B    E500     F      88        MOV A, MOD_VR
009D    940D            89        SUBB A, #0DH
009F    7006            90        JNZ NEXT_MOD_15
00A1    75000E   F      91        MOV MOD_VR, #0EH
00A4    120000   F      92        CALL MOD14
                        93    NEXT_MOD_15:  
00A7    E500     F      94        MOV A, MOD_VR
00A9    940E            95        SUBB A, #0EH
00AB    7006            96        JNZ NEXT_MOD_0
00AD    75000F   F      97        MOV MOD_VR, #0FH
00B0    120000   F      98        CALL MOD15
                        99    NEXT_MOD_0:  
00B3    750000   F     100        MOV MOD_VR, #00H
00B6    120000   F     101        CALL MOD_BLIP
00B9    120000   F     102        CALL MOD0
                       103    
                       104    PREV_MOD:  
00BC    C3             105        CLR C
00BD    E500     F     106        MOV A, MOD_VR
00BF    7009           107        JNZ PREV_MOD_14
00C1    75000F   F     108        MOV MOD_VR, #0FH
00C4    120000   F     109        CALL MOD_BLIP
00C7    120000   F     110        CALL MOD15
                       111    PREV_MOD_14:  
00CA    E500     F     112        MOV A, MOD_VR
00CC    940F           113        SUBB A, #0FH
00CE    C3             114        CLR C
00CF    7006           115        JNZ PREV_MOD_13
00D1    75000E   F     116        MOV MOD_VR, #0EH
00D4    120000   F     117        CALL MOD14
                       118    PREV_MOD_13:  
00D7    E500     F     119        MOV A, MOD_VR
00D9    940E           120        SUBB A, #0EH
00DB    C3             121        CLR C
00DC    7006           122        JNZ PREV_MOD_12
00DE    75000D   F     123        MOV MOD_VR, #0DH
00E1    120000   F     124        CALL MOD13
                       125    PREV_MOD_12:  
00E4    E500     F     126        MOV A, MOD_VR
00E6    940D           127        SUBB A, #0DH
00E8    C3             128        CLR C
00E9    7006           129        JNZ PREV_MOD_11
00EB    75000C   F     130        MOV MOD_VR, #0CH
00EE    120000   F     131        CALL MOD12
                       132    PREV_MOD_11:  
00F1    E500     F     133        MOV A, MOD_VR
00F3    940C           134        SUBB A, #0CH
00F5    C3             135        CLR C
00F6    7006           136        JNZ PREV_MOD_10
00F8    75000B   F     137        MOV MOD_VR, #0BH
00FB    120000   F     138        CALL MOD11
                       139    PREV_MOD_10:  
00FE    E500     F     140        MOV A, MOD_VR
0100    940B           141        SUBB A, #0BH
0102    C3             142        CLR C
0103    7006           143        JNZ PREV_MOD_9
0105    75000A   F     144        MOV MOD_VR, #0AH
0108    120000   F     145        CALL MOD10
                       146    PREV_MOD_9:  
010B    E500     F     147        MOV A, MOD_VR
010D    940A           148        SUBB A, #0AH
010F    C3             149        CLR C
0110    7006           150        JNZ PREV_MOD_8
0112    750009   F     151        MOV MOD_VR, #09H
0115    120000   F     152        CALL MOD9
                       153    PREV_MOD_8:  
0118    E500     F     154        MOV A, MOD_VR
011A    9409           155        SUBB A, #09H
011C    C3             156        CLR C
011D    7006           157        JNZ PREV_MOD_7
011F    750008   F     158        MOV MOD_VR, #08H
0122    120000   F     159        CALL MOD8
                       160    PREV_MOD_7:  
0125    E500     F     161        MOV A, MOD_VR
0127    9408           162        SUBB A, #08H
0129    C3             163        CLR C
012A    7006           164        JNZ PREV_MOD_6
012C    750007   F     165        MOV MOD_VR, #07H
012F    120000   F     166        CALL MOD7
                       167    PREV_MOD_6:  
0132    E500     F     168        MOV A, MOD_VR
0134    9407           169        SUBB A, #07H
0136    C3             170        CLR C
0137    7006           171        JNZ PREV_MOD_5
0139    750006   F     172        MOV MOD_VR, #06H
013C    120000   F     173        CALL MOD6
                       174    PREV_MOD_5:  
013F    E500     F     175        MOV A, MOD_VR
0141    9406           176        SUBB A, #06H
0143    C3             177        CLR C
0144    7006           178        JNZ PREV_MOD_4
0146    750005   F     179        MOV MOD_VR, #05H
0149    120000   F     180        CALL MOD5
                       181    PREV_MOD_4:  
014C    E500     F     182        MOV A, MOD_VR
014E    9405           183        SUBB A, #05H
0150    C3             184        CLR C
0151    7006           185        JNZ PREV_MOD_3
0153    750004   F     186        MOV MOD_VR, #04H
0156    120000   F     187        CALL MOD4
                       188    PREV_MOD_3:  
0159    E500     F     189        MOV A, MOD_VR
015B    9404           190        SUBB A, #04H
015D    C3             191        CLR C
015E    7006           192        JNZ PREV_MOD_2
0160    750003   F     193        MOV MOD_VR, #03H
0163    120000   F     194        CALL MOD3
                       195    PREV_MOD_2:  
0166    E500     F     196        MOV A, MOD_VR
0168    9403           197        SUBB A, #03H
016A    C3             198        CLR C
016B    7006           199        JNZ PREV_MOD_1
016D    750002   F     200        MOV MOD_VR, #02H
0170    120000   F     201        CALL MOD2
                       202    PREV_MOD_1:  
0173    E500     F     203        MOV A, MOD_VR
0175    9402           204        SUBB A, #02H
0177    C3             205        CLR C
0178    7006           206        JNZ PREV_MOD_0
017A    750001   F     207        MOV MOD_VR, #01H
017D    120000   F     208        CALL MOD1
                       209    PREV_MOD_0:  
0180    750000   F     210        MOV MOD_VR, #00H
0183    120000   F     211        CALL MOD0
                       212    END
MACRO ASSEMBLER SELECT_MOD                                  11/22/123 17:11:43 PAGE     2


SYMBOL TABLE LISTING
------ ----- -------


N A M E             T Y P E  V A L U E   ATTRIBUTES             REFERENCES

PREV_MOD_14. . . .  C ADDR   00CAH   R  SEG=SELECT_MOD          107 111# 
NEXT_MOD_12. . . .  C ADDR   0083H   R  SEG=SELECT_MOD          72 75# 
NEXT_MOD_13. . . .  C ADDR   008FH   R  SEG=SELECT_MOD          78 81# 
MOD10. . . . . . .  C ADDR   -----      EXT                     3# 68 145 
NEXT_MOD_14. . . .  C ADDR   009BH   R  SEG=SELECT_MOD          84 87# 
MOD11. . . . . . .  C ADDR   -----      EXT                     3# 74 138 
NEXT_MOD_15. . . .  C ADDR   00A7H   R  SEG=SELECT_MOD          90 93# 
MOD12. . . . . . .  C ADDR   -----      EXT                     3# 80 131 
MOD13. . . . . . .  C ADDR   -----      EXT                     3# 86 124 
MOD14. . . . . . .  C ADDR   -----      EXT                     3# 92 117 
MOD_BLIP . . . . .  C ADDR   -----      EXT                     3# 101 109 
MOD15. . . . . . .  C ADDR   -----      EXT                     3# 98 110 
MOD_VR . . . . . .  D ADDR   -----      EXT                     2# 11 13 16 19 22 
                                                                25 28 31 34 37 40 
                                                                43 46 49 52 55 58 
                                                                61 64 67 70 73 76 
                                                                79 82 85 88 91 94 
                                                                97 100 106 108 112 
                                                                116 119 123 126 130 
                                                                133 137 140 144 147 
                                                                151 154 158 161 165 
                                                                168 172 175 179 182 
                                                                186 189 193 196 200 
                                                                203 207 210 
PREV_MOD_0 . . . .  C ADDR   0180H   R  SEG=SELECT_MOD          206 209# 
PREV_MOD_1 . . . .  C ADDR   0173H   R  SEG=SELECT_MOD          199 202# 
PREV_MOD_2 . . . .  C ADDR   0166H   R  SEG=SELECT_MOD          192 195# 
NEXT_MOD_0 . . . .  C ADDR   00B3H   R  SEG=SELECT_MOD          96 99# 
PREV_MOD_3 . . . .  C ADDR   0159H   R  SEG=SELECT_MOD          185 188# 
PREV_MOD_4 . . . .  C ADDR   014CH   R  SEG=SELECT_MOD          178 181# 
NEXT_MOD_2 . . . .  C ADDR   000BH   R  SEG=SELECT_MOD          12 15# 
PREV_MOD_5 . . . .  C ADDR   013FH   R  SEG=SELECT_MOD          171 174# 
NEXT_MOD_3 . . . .  C ADDR   0017H   R  SEG=SELECT_MOD          18 21# 
MOD0 . . . . . . .  C ADDR   -----      EXT                     3# 102 211 
PREV_MOD_6 . . . .  C ADDR   0132H   R  SEG=SELECT_MOD          164 167# 
NEXT_MOD_4 . . . .  C ADDR   0023H   R  SEG=SELECT_MOD          24 27# 
MOD1 . . . . . . .  C ADDR   -----      EXT                     3# 14 208 
PREV_MOD_7 . . . .  C ADDR   0125H   R  SEG=SELECT_MOD          157 160# 
NEXT_MOD_5 . . . .  C ADDR   002FH   R  SEG=SELECT_MOD          30 33# 
MOD2 . . . . . . .  C ADDR   -----      EXT                     3# 20 201 
PREV_MOD_8 . . . .  C ADDR   0118H   R  SEG=SELECT_MOD          150 153# 
NEXT_MOD_6 . . . .  C ADDR   003BH   R  SEG=SELECT_MOD          36 39# 
MOD3 . . . . . . .  C ADDR   -----      EXT                     3# 26 194 
PREV_MOD_9 . . . .  C ADDR   010BH   R  SEG=SELECT_MOD          143 146# 
NEXT_MOD_7 . . . .  C ADDR   0047H   R  SEG=SELECT_MOD          42 45# 
MOD4 . . . . . . .  C ADDR   -----      EXT                     3# 32 187 
NEXT_MOD_8 . . . .  C ADDR   0053H   R  SEG=SELECT_MOD          48 51# 
MOD5 . . . . . . .  C ADDR   -----      EXT                     3# 38 180 
NEXT_MOD_9 . . . .  C ADDR   005FH   R  SEG=SELECT_MOD          54 57# 
MOD6 . . . . . . .  C ADDR   -----      EXT                     3# 44 173 
MOD7 . . . . . . .  C ADDR   -----      EXT                     3# 50 166 
MOD8 . . . . . . .  C ADDR   -----      EXT                     3# 56 159 
MOD9 . . . . . . .  C ADDR   -----      EXT                     3# 62 152 
PREV_MOD_10. . . .  C ADDR   00FEH   R  SEG=SELECT_MOD          136 139# 
PREV_MOD . . . . .  C ADDR   00BCH   R  SEG=SELECT_MOD          1 104# 
PREV_MOD_11. . . .  C ADDR   00F1H   R  SEG=SELECT_MOD          129 132# 
PREV_MOD_12. . . .  C ADDR   00E4H   R  SEG=SELECT_MOD          122 125# 
NEXT_MOD_10. . . .  C ADDR   006BH   R  SEG=SELECT_MOD          60 63# 
NEXT_MOD . . . . .  C ADDR   0000H   R  SEG=SELECT_MOD          1 9# 
PREV_MOD_13. . . .  C ADDR   00D7H   R  SEG=SELECT_MOD          115 118# 
NEXT_MOD_11. . . .  C ADDR   0077H   R  SEG=SELECT_MOD          66 69# 
SELECT_MOD . . . .  C SEG    0186H      REL=UNIT                7# 



MODULE INFORMATION:   STATIC OVERLAYABLE
   CODE SIZE        =    390    ----
   XDATA SIZE       =   ----    ----
   DATA SIZE        =   ----    ----
   IDATA SIZE       =   ----    ----
   BIT SIZE         =   ----    ----
END OF MODULE INFORMATION.


REGISTER BANK(S) USED : 0 

ASSEMBLY COMPLETE.   0 WARNING(S)   0 ERROR(S)
