MACRO ASSEMBLER SUB5                                        12/12/123 14:19:00 PAGE     1


WIN32 MACRO ASSEMBLER A51 V6.03.08
OBJECT MODULE PLACED IN Y:\лаб1\2\SUB5.OBJ
ASSEMBLER INVOKED BY: A51.EXE Y:\лаб1\2\SUB5.ASM OJ(Y:\лаб1\2\SUB5.OBJ) PIN(C:\FSI\INC) EP LINES PR(Y:\лаб1\2\SUB5.LST) XR DB PW(80) RB(0) 

LOC     OBJ           LINE    SOURCE
                         1    NAME ADDFIVE
                         2    MAIN SEGMENT CODE 
------                   3    CSEG AT 0
0000    020000   F       4    LJMP START
                         5    USING 0
------                   6    RSEG MAIN 
                         7    START:  
0000    900020           8        MOV DPTR, #0020H 
0003    E0               9        MOVX A, @DPTR 
0004    C3              10        CLR C 
0005    9405            11        SUBB A, #5H 
0007    7840            12        MOV R0, #40H 
0009    F6              13        MOV @R0, A 
000A    7400            14        MOV A, #00H
000C    9400            15        SUBB A, #00H
000E    08              16        INC R0
000F    F6              17        MOV @R0, A
0010    020000   F      18        JMP START
                        19    END
MACRO ASSEMBLER SUB5                                        12/12/123 14:19:00 PAGE     2


SYMBOL TABLE LISTING
------ ----- -------


N A M E             T Y P E  V A L U E   ATTRIBUTES             REFERENCES

MAIN . . . . . . .  C SEG    0013H      REL=UNIT                6# 
START. . . . . . .  C ADDR   0000H   R  SEG=MAIN                4 7# 18 
ADDFIVE. . . . . .  N NUMB   -----



MODULE INFORMATION:   STATIC OVERLAYABLE
   CODE SIZE        =     22    ----
   XDATA SIZE       =   ----    ----
   DATA SIZE        =   ----    ----
   IDATA SIZE       =   ----    ----
   BIT SIZE         =   ----    ----
END OF MODULE INFORMATION.


REGISTER BANK(S) USED : 0 

ASSEMBLY COMPLETE.   0 WARNING(S)   0 ERROR(S)
