MACRO ASSEMBLER SUB5                                        11/28/123 15:54:47 PAGE     1


WIN32 MACRO ASSEMBLER A51 V6.03.08
OBJECT MODULE PLACED IN Y:\лаб1\2\SUB5.OBJ
ASSEMBLER INVOKED BY: A51.EXE Y:\лаб1\2\SUB5.ASM OJ(Y:\лаб1\2\SUB5.OBJ) PIN(C:\FSI\INC) EP LINES PR(Y:\лаб1\2\SUB5.LST) XR DB PW(80) RB(0) 

LOC     OBJ           LINE    SOURCE
                         1    NAME ADDFIVE
                         2    MAIN SEGMENT CODE 
------                   3    CSEG AT 0
0000    020000   F       4    LJMP START
                         5    USING 0
------                   6    RSEG MAIN 
                         7    START:  
0000    900020           8    	MOV DPTR, #0020H ; заносим адрес внешней памяти в регистр DPTR
0003    E0               9    	MOVX A, @DPTR ; записываем из внешеней памяти значение в регистр А
0004    C3              10    	CLR C ; отчищаем бит переноса
0005    9405            11    	SUBB A, #5H ; вычитаем из регистра А число 0х5
0007    7840            12    	MOV R0, #40H ; заносим адрес внутренней памяти в регистр R0
0009    F6              13    	MOV @R0, A ; с помощью косвенной адресации записываем число регистра А во внутренную память
000A    020000   F      14    	JMP START
                        15    END
MACRO ASSEMBLER SUB5                                        11/28/123 15:54:47 PAGE     2


SYMBOL TABLE LISTING
------ ----- -------


N A M E             T Y P E  V A L U E   ATTRIBUTES             REFERENCES

MAIN . . . . . . .  C SEG    000DH      REL=UNIT                6# 
START. . . . . . .  C ADDR   0000H   R  SEG=MAIN                4 7# 14 
ADDFIVE. . . . . .  N NUMB   -----



MODULE INFORMATION:   STATIC OVERLAYABLE
   CODE SIZE        =     16    ----
   XDATA SIZE       =   ----    ----
   DATA SIZE        =   ----    ----
   IDATA SIZE       =   ----    ----
   BIT SIZE         =   ----    ----
END OF MODULE INFORMATION.


REGISTER BANK(S) USED : 0 

ASSEMBLY COMPLETE.   0 WARNING(S)   0 ERROR(S)
