MACRO ASSEMBLER SWITCHER                                    10/28/123 11:14:04 PAGE     1


WIN32 MACRO ASSEMBLER A51 V6.03.08
OBJECT MODULE PLACED IN Y:\лаб1\1\SWITCHER.OBJ
ASSEMBLER INVOKED BY: A51.EXE Y:\лаб1\1\SWITCHER.ASM OJ(Y:\лаб1\1\SWITCHER.OBJ) PIN(C:\FSI\INC) EP LINES PR(Y:\лаб1\1\SWITCHER.LST) XR DB PW(80) RB(0) 

LOC     OBJ           LINE    SOURCE
                         1    NAME SWITCH
                         2    MAIN SEGMENT CODE 
------                   3    CSEG AT 0
0000    020000   F       4    LJMP START
                         5    USING 0
------                   6    RSEG MAIN
                         7    START:   
0000    7590FF           8    	MOV P1,#0FFH
0003    75B07F           9    	MOV P3,#07FH
                        10    DBNC:  
0006    7C05            11    	MOV R4,#5
                        12    DBNC1:   
0008    7BFF            13    	MOV R3,#0FFH
                        14    DBNC2:  
000A    20B2F9          15    	JB P3.2, DBNC
000D    DBFB            16    	DJNZ R3, DBNC2
000F    DCF7            17    	DJNZ R4, DBNC1
0011    30B2FD          18    	JNB P3.2,$
0014    209007          19    	JB P1.0, SWITCH                              
0017    D290            20    	SETB P1.0
0019    C2B7            21    	CLR P3.7 
001B    020000   F      22    	JMP DBNC 
                        23    SWITCH:   
001E    C290            24    	CLR P1.0 
0020    D2B7            25    	SETB P3.7 
0022    020000   F      26    	JMP DBNC 
                        27    END 
MACRO ASSEMBLER SWITCHER                                    10/28/123 11:14:04 PAGE     2


SYMBOL TABLE LISTING
------ ----- -------


N A M E             T Y P E  V A L U E   ATTRIBUTES             REFERENCES

P1 . . . . . . . .  D ADDR   0090H   A                          8 19 20 24 
P3 . . . . . . . .  D ADDR   00B0H   A                          9 15 18 21 25 38 
                                                                
MAIN . . . . . . .  C SEG    0025H      REL=UNIT                6# 
DBNC1. . . . . . .  C ADDR   0008H   R  SEG=MAIN                12# 17 
DBNC2. . . . . . .  C ADDR   000AH   R  SEG=MAIN                14# 16 
START. . . . . . .  C ADDR   0000H   R  SEG=MAIN                4 7# 
SWITCH . . . . . .  C ADDR   001EH   R  SEG=MAIN                19 23# 
DBNC . . . . . . .  C ADDR   0006H   R  SEG=MAIN                10# 15 22 26 



MODULE INFORMATION:   STATIC OVERLAYABLE
   CODE SIZE        =     40    ----
   XDATA SIZE       =   ----    ----
   DATA SIZE        =   ----    ----
   IDATA SIZE       =   ----    ----
   BIT SIZE         =   ----    ----
END OF MODULE INFORMATION.


REGISTER BANK(S) USED : 0 

ASSEMBLY COMPLETE.   0 WARNING(S)   0 ERROR(S)
