MACRO ASSEMBLER DEMO PROGRAM #1                             10/29/123 00:38:30 PAGE     1


WIN32 MACRO ASSEMBLER A51 V6.03.08
OBJECT MODULE PLACED IN Y:\лаб1\1\TEMP.OBJ
ASSEMBLER INVOKED BY: A51.EXE Y:\лаб1\1\TEMP.ASM OJ(Y:\лаб1\1\TEMP.OBJ) PIN(C:\FSI\INC) EP LINES PR(Y:\лаб1\1\TEMP.LST) XR DB PW(80) RB(0) 

LOC     OBJ           LINE    SOURCE
                         1    $TITLE(DEMO PROGRAM #1)
  0000                   2    ORG	0000H
0000    454E4420         3    BUF:  	DB	'END OF LINE', 00H
0004    4F46204C
0008    494E4500
000C    80FE             4    JMP	$
                         5    END
MACRO ASSEMBLER DEMO PROGRAM #1                             10/29/123 00:38:30 PAGE     2


SYMBOL TABLE LISTING
------ ----- -------


N A M E             T Y P E  V A L U E   ATTRIBUTES             REFERENCES

BUF. . . . . . . .  C ADDR   0000H   A                          3# 



MODULE INFORMATION:   STATIC OVERLAYABLE
   CODE SIZE        =     14    ----
   XDATA SIZE       =   ----    ----
   DATA SIZE        =   ----    ----
   IDATA SIZE       =   ----    ----
   BIT SIZE         =   ----    ----
END OF MODULE INFORMATION.


REGISTER BANK(S) USED : 0 

ASSEMBLY COMPLETE.   0 WARNING(S)   0 ERROR(S)
