MACRO ASSEMBLER 5                                           01/10/124 11:16:50 PAGE     1


WIN32 MACRO ASSEMBLER A51 V6.03.08
OBJECT MODULE PLACED IN Y:\лаб1\5\5.OBJ
ASSEMBLER INVOKED BY: A51.EXE Y:\лаб1\5\5.ASM OJ(Y:\лаб1\5\5.OBJ) PIN(C:\FSI\INC) EP LINES PR(Y:\лаб1\5\5.LST) XR DB PW(80) RB(0) 

LOC     OBJ           LINE    SOURCE
                         1    NAME TIMER_DELAY
                         2    MAIN SEGMENT CODE
                         3    
------                   4    CSEG AT 0BH
000B    020000   F       5    LJMP TIMER_INT
                         6    
------                   7    CSEG AT 0
0000    020000   F       8    LJMP START
                         9    
------                  10    RSEG MAIN
                        11    USING 0
                        12    
                        13    START:  
0000    D2AF            14        SETB IE.7    
0002    D2A9            15        SETB IE.1
0004    780A            16        MOV R0, #0AH
0006    794C            17        MOV R1, #04CH
0008    120000   F      18        CALL TIMER_DELAY
000B    020000   F      19        JMP $
                        20    
                        21    TIMER_DELAY:  
000E    758901          22        MOV TMOD, #001H
0011    758AF6          23        MOV TL0, #0F6H
0014    758CD8          24        MOV TH0, #0D8H
0017    D28C            25        SETB TR0
0019    208CFD          26        JB TR0, $
001C    22              27        RET
                        28    
                        29    TIMER_INT:  
001D    758AF6          30        MOV TL0, #0F6H
0020    758CD8          31        MOV TH0, #0D8H
0023    18              32        DEC R0
0024    E8              33        MOV A, R0
0025    6001            34        JZ TIMER_INT_H
0027    32              35        RETI
                        36    TIMER_INT_H:  
0028    19              37        DEC R1
0029    780A            38        MOV R0, #0AH
002B    E9              39        MOV A, R1
002C    6001            40        JZ TIMER_INT_EXIT
002E    32              41        RETI
                        42    TIMER_INT_EXIT:  
002F    C28C            43        CLR TR0
0031    32              44        RETI
                        45    END
MACRO ASSEMBLER 5                                           01/10/124 11:16:50 PAGE     2


SYMBOL TABLE LISTING
------ ----- -------


N A M E             T Y P E  V A L U E   ATTRIBUTES             REFERENCES

TIMER_INT_EXIT . .  C ADDR   002FH   R  SEG=MAIN                40 42# 
MAIN . . . . . . .  C SEG    0032H      REL=UNIT                10# 
TIMER_INT. . . . .  C ADDR   001DH   R  SEG=MAIN                5 29# 
TH0. . . . . . . .  D ADDR   008CH   A                          24 31 
START. . . . . . .  C ADDR   0000H   R  SEG=MAIN                8 13# 
IE . . . . . . . .  D ADDR   00A8H   A                          14 15 
TIMER_DELAY. . . .  C ADDR   000EH   R  SEG=MAIN                18 21# 
TL0. . . . . . . .  D ADDR   008AH   A                          23 30 
TIMER_INT_H. . . .  C ADDR   0028H   R  SEG=MAIN                34 36# 
TMOD . . . . . . .  D ADDR   0089H   A                          22 
TR0. . . . . . . .  B ADDR   0088H.4 A                          25 26 43 98 



MODULE INFORMATION:   STATIC OVERLAYABLE
   CODE SIZE        =     56    ----
   XDATA SIZE       =   ----    ----
   DATA SIZE        =   ----    ----
   IDATA SIZE       =   ----    ----
   BIT SIZE         =   ----    ----
END OF MODULE INFORMATION.


REGISTER BANK(S) USED : 0 

ASSEMBLY COMPLETE.   0 WARNING(S)   0 ERROR(S)
